test_jenkin
111111aaabbbbcc2
echo "11111111"
lshw1123
dmidecode1126
export1111111
1234unsetaaaaa
1111111